// Jest Snapshot v1, https://goo.gl/fbAQLP

exports[`ChatMessage renders correctly 1`] = `
<ChatMessage
  chatEvent={
    Object {
      "localId": "69A6FEA4-84E4-473E-9689-7DC2E6F5F82C",
      "payload": Object {
        "message": "hogehgoehogehoge",
        "user": Object {
          "discriminator": "1234",
          "nickname": "test",
        },
      },
      "serverId": "69A6FEA4-84E4-473E-9689-7DC2E6F5F82C",
      "timestamp": 1546442227650,
      "type": "message",
    }
  }
  classes={
    Object {
      "date": "ChatMessage-date-1",
      "discriminator": "ChatMessage-discriminator-2",
      "meta": "ChatMessage-meta-3",
      "nickname": "ChatMessage-nickname-4",
      "root": "ChatMessage-root-5",
    }
  }
/>
`;
